// Jest Snapshot v1, https://goo.gl/fbAQLP

exports[`<Input /> should render correctly 1`] = `
<div>
  <a
    class="inline-block rounded-lg bg-teal-500 px-4 py-2 font-bold text-slate-100 transition hover:bg-teal-550 focus-visible:outline focus-visible:outline-2 focus-visible:outline-offset-2 focus-visible:outline-teal-500 disabled:cursor-not-allowed disabled:opacity-75"
    href="/pathname"
  >
    Children text
  </a>
</div>
`;
