// Jest Snapshot v1, https://goo.gl/fbAQLP

exports[`<Input /> should render correctly 1`] = `
<div>
  <input
    class="w-full rounded-lg bg-slate-600 px-4 py-3 text-slate-100 placeholder:text-slate-400 focus-visible:outline focus-visible:outline-2 focus-visible:outline-offset-2 focus-visible:outline-teal-500"
    type="text"
  />
</div>
`;
